Loaded 45 tuned rules from final_tuned_rules.json
CA-ODE Bridge Validation with Fixed Mapping (Small Test)
============================================================
Loaded 100 normal patients
Loaded 82 edge patients
Using 5 patients
Using 4 interventions
Running 5 × 4 = 20 patient×intervention combinations...
  Patient 1/5 no_treatment...
    ODE simulation failed: 'rapamycin_dose'
  Patient 1/5 conservative...
    ODE simulation failed: 'yamanaka_intensity'
  Patient 1/5 aggressive...
    ODE simulation failed: 'yamanaka_intensity'
  Patient 1/5 transplant_focused...
    ODE simulation failed: 'rapamycin_dose'
  Patient 2/5 no_treatment...
    ODE simulation failed: 'rapamycin_dose'
  Patient 2/5 conservative...
    ODE simulation failed: 'yamanaka_intensity'
  Patient 2/5 aggressive...
    ODE simulation failed: 'yamanaka_intensity'
  Patient 2/5 transplant_focused...
    ODE simulation failed: 'rapamycin_dose'
  Patient 3/5 no_treatment...
    ODE simulation failed: 'rapamycin_dose'
  Patient 3/5 conservative...
    ODE simulation failed: 'yamanaka_intensity'
  Patient 3/5 aggressive...
    ODE simulation failed: 'yamanaka_intensity'
  Patient 3/5 transplant_focused...
    ODE simulation failed: 'rapamycin_dose'
  Patient 4/5 no_treatment...
    ODE simulation failed: 'rapamycin_dose'
  Patient 4/5 conservative...
    ODE simulation failed: 'yamanaka_intensity'
  Patient 4/5 aggressive...
    ODE simulation failed: 'yamanaka_intensity'
  Patient 4/5 transplant_focused...
    ODE simulation failed: 'rapamycin_dose'
  Patient 5/5 no_treatment...
    ODE simulation failed: 'rapamycin_dose'
  Patient 5/5 conservative...
    ODE simulation failed: 'yamanaka_intensity'
  Patient 5/5 aggressive...
    ODE simulation failed: 'yamanaka_intensity'
  Patient 5/5 transplant_focused...
    ODE simulation failed: 'rapamycin_dose'
No successful runs.
