=== Overnight Analysis Suite ===
Started: Thu 19 Feb 2026 22:18:10 EST
Project: /Users/gardenofcomputation/how-to-live-much-longer

--- Phase 1: Zimmerman 14-tool suite (n_base=256) ---
/Users/gardenofcomputation/miniforge3/envs/er/lib/python3.11/site-packages/numpy/lib/_function_base_impl.py:3023: RuntimeWarning: invalid value encountered in divide
  c /= stddev[:, None]
/Users/gardenofcomputation/miniforge3/envs/er/lib/python3.11/site-packages/numpy/lib/_function_base_impl.py:3024: RuntimeWarning: invalid value encountered in divide
  c /= stddev[None, :]
Mode: full 12D (intervention + patient)
Parameters: 12D
Tools: sobol, falsifier, contrastive, contrast_sets, pds, posiwid, prompts, locality, relation_graph, diegeticizer, token_extispicy, receptive_field, supradiegetic_benchmark, dashboard
Sobol n_base: 256

[sobol]
  Sobol: n_base=256, D=12
  Sobol: 3584 sims completed
  Done in 672.5s
  Saved: /Users/gardenofcomputation/how-to-live-much-longer/artifacts/zimmerman/sobol_report.json

[falsifier]
  Falsifier: 0/200 violations
  Done in 37.4s
  Saved: /Users/gardenofcomputation/how-to-live-much-longer/artifacts/zimmerman/falsifier_report.json

[contrastive]
  Contrastive: 2 flip pairs found (n_per_point=30, D=12)
  Done in 153.1s
  Saved: /Users/gardenofcomputation/how-to-live-much-longer/artifacts/zimmerman/contrastive_report.json

[contrast_sets]
  ContrastSets: 10 tipping points found, mean flip size: 0.375
  Done in 12.5s
  Saved: /Users/gardenofcomputation/how-to-live-much-longer/artifacts/zimmerman/contrast_sets_report.json

[pds]
  PDS: variance explained: energy_atp_initial=0.961, energy_atp_final=0.999, ene
  Done in 37.6s
  Saved: /Users/gardenofcomputation/how-to-live-much-longer/artifacts/zimmerman/pds_report.json

[posiwid]
  POSIWID: 5 scenarios, mean alignment=0.838
  Done in 1.0s
  Saved: /Users/gardenofcomputation/how-to-live-much-longer/artifacts/zimmerman/posiwid_report.json

[prompts]
  Prompts: 3 styles generated (numeric=1248ch, diegetic=2816ch, contrastive=1999ch)
  Done in 0.0s
  Saved: /Users/gardenofcomputation/how-to-live-much-longer/artifacts/zimmerman/prompts_report.json

[locality]
  Locality: 190 sims, profiled decay curves
  Done in 24.7s
  Saved: /Users/gardenofcomputation/how-to-live-much-longer/artifacts/zimmerman/locality_report.json

[relation_graph]
  RelationGraph: 540 causal edges, 173 sims
  Done in 30.1s
  Saved: /Users/gardenofcomputation/how-to-live-much-longer/artifacts/zimmerman/relation_graph_report.json

[diegeticizer]
  Diegeticizer: roundtrip error=?
  Done in 0.2s
  Saved: /Users/gardenofcomputation/how-to-live-much-longer/artifacts/zimmerman/diegeticizer_report.json

[token_extispicy]
  TokenExtispicy: frag-output correlation={'energy_atp_initial': 0.17627604909940137, 'energy_atp_final': 0.11550847146040896, 'energy_atp_min': 0.18401113568447539, 'energy_atp_max': 0.16797374022872216, 'energy_atp_mean': 0.1654470489840198, 'energy_atp_cv': -0.16833422089341918, 'energy_reserve_ratio': -0.1657140941754748, 'energy_atp_slope': -0.17056423533487952, 'energy_terminal_slope': -0.07046319773157848, 'energy_time_to_crisis_years': 0.15154982921070934, 'damage_het_initial': -0.14067986167087673, 'damage_het_final': -0.10303351688974821, 'damage_het_max': -0.14664810536219247, 'damage_delta_het': 0.10634424318832385, 'damage_het_slope': 0.12947538415743318, 'damage_het_acceleration': -0.024887706093147315, 'damage_cliff_distance_initial': 0.14067986167087673, 'damage_cliff_distance_final': 0.10303351688974824, 'damage_time_to_cliff_years': 0.14344610250534828, 'damage_frac_above_cliff': -0.1568741468172976, 'damage_deletion_het_initial': -0.14607264425005495, 'damage_deletion_het_final': -0.08572066686821625, 'damage_deletion_het_max': -0.148259372339869, 'dynamics_ros_dominant_freq': 0.05722273938441006, 'dynamics_ros_amplitude': -0.18698192044134465, 'dynamics_membrane_potential_cv': -0.000643304326988562, 'dynamics_membrane_potential_slope': -0.1358868528454361, 'dynamics_nad_slope': -0.04880177571503662, 'dynamics_ros_het_correlation': -0.09674046614458422, 'dynamics_ros_atp_correlation': 0.0829165102246891, 'dynamics_senescent_final': -0.0004928794116642213, 'dynamics_senescent_slope': 0.01418521061777404, 'intervention_atp_benefit_terminal': -0.08593039515168646, 'intervention_atp_benefit_mean': -0.05280817448596792, 'intervention_het_benefit_terminal': -0.09702241602677139, 'intervention_energy_cost_per_year': -0.1060065919365192, 'intervention_benefit_cost_ratio': -0.0480119605797886, 'intervention_total_dose': -0.07579889855058507, 'intervention_crisis_delay_years': -0.1515449355455986, 'final_heteroplasmy': -0.10303351688974821, 'final_atp': 0.11550847146040896, 'final_ros': -0.09381331115292718, 'final_nad': 0.00913199495895753, 'final_senescent': -0.0004928794116642213, 'final_membrane_potential': 0.021180301220168986}, 100 sims
  Done in 18.8s
  Saved: /Users/gardenofcomputation/how-to-live-much-longer/artifacts/zimmerman/token_extispicy_report.json

[receptive_field]
  ReceptiveField: rankings=['pharmacological', 'biological', 'demographics', 'vulnerability']
  Done in 70.6s
  Saved: /Users/gardenofcomputation/how-to-live-much-longer/artifacts/zimmerman/receptive_field_report.json

[supradiegetic_benchmark]
  SuperdiegeticBenchmark: mean diegeticization gain=-0.13662374342375683
  Done in 10.4s
  Saved: /Users/gardenofcomputation/how-to-live-much-longer/artifacts/zimmerman/supradiegetic_benchmark_report.json

[dashboard]
  Dashboard: 0/0 tools, 3 recommendations
  Done in 0.0s
  Saved: /Users/gardenofcomputation/how-to-live-much-longer/artifacts/zimmerman/dashboard.json

Markdown report: /Users/gardenofcomputation/how-to-live-much-longer/artifacts/zimmerman/dashboard.md

Total time: 1068.9s
Reports saved to: /Users/gardenofcomputation/how-to-live-much-longer/artifacts/zimmerman/

Generating visualizations...
Generating Zimmerman visualizations...
  Saved: output/zimmerman/sobol_final_heteroplasmy.png
  Saved: output/zimmerman/sobol_final_atp.png
  Saved: output/zimmerman/contrastive_sensitivity.png
  Saved: output/zimmerman/locality_curves.png
  Saved: output/zimmerman/relation_graph.png
  Saved: output/zimmerman/posiwid_alignment.png
  Saved: output/zimmerman/dashboard_summary.png
All visualizations saved to output/zimmerman/
Visualizations complete.
Phase 1 elapsed: 1069 seconds

--- Phase 2: Sobol for near_cliff_80 (6D, n_base=256) ---
Mode: intervention-only (patient=near_cliff_80)
Parameters: 6D
Tools: sobol
Sobol n_base: 256

[sobol]
  Sobol: n_base=256, D=6
  Sobol: 2048 sims completed
  Done in 204.6s
  Saved: /Users/gardenofcomputation/how-to-live-much-longer/artifacts/zimmerman/sobol_report.json

Markdown report: /Users/gardenofcomputation/how-to-live-much-longer/artifacts/zimmerman/dashboard.md

Total time: 204.6s
Reports saved to: /Users/gardenofcomputation/how-to-live-much-longer/artifacts/zimmerman/

Generating visualizations...
Generating Zimmerman visualizations...
  Saved: output/zimmerman/sobol_final_heteroplasmy.png
  Saved: output/zimmerman/sobol_final_atp.png
All visualizations saved to output/zimmerman/
Visualizations complete.
Phase 2 elapsed: 205 seconds

=== Overnight Analysis Complete ===
Finished: Thu 19 Feb 2026 22:39:24 EST

Artifacts:
-rw-r--r--  1 gardenofcomputation  staff    21K Feb 19 22:32 artifacts/zimmerman/contrast_sets_report.json
-rw-r--r--  1 gardenofcomputation  staff   4.9K Feb 19 22:32 artifacts/zimmerman/contrastive_report.json
-rw-r--r--  1 gardenofcomputation  staff   3.1K Feb 19 22:35 artifacts/zimmerman/dashboard.json
-rw-r--r--  1 gardenofcomputation  staff   6.4K Feb 19 22:34 artifacts/zimmerman/diegeticizer_report.json
-rw-r--r--  1 gardenofcomputation  staff   231B Feb 19 22:30 artifacts/zimmerman/falsifier_report.json
-rw-r--r--  1 gardenofcomputation  staff   1.7K Feb 19 22:33 artifacts/zimmerman/locality_report.json
-rw-r--r--  1 gardenofcomputation  staff    19K Feb 19 22:33 artifacts/zimmerman/pds_report.json
-rw-r--r--  1 gardenofcomputation  staff    17K Feb 19 22:33 artifacts/zimmerman/posiwid_report.json
-rw-r--r--  1 gardenofcomputation  staff   6.2K Feb 19 22:33 artifacts/zimmerman/prompts_report.json
-rw-r--r--  1 gardenofcomputation  staff   585B Feb 19 22:35 artifacts/zimmerman/receptive_field_report.json
-rw-r--r--  1 gardenofcomputation  staff   231K Feb 19 22:34 artifacts/zimmerman/relation_graph_report.json
-rw-r--r--@ 1 gardenofcomputation  staff    58K Feb 19 22:39 artifacts/zimmerman/sobol_report.json
-rw-r--r--  1 gardenofcomputation  staff   2.1K Feb 19 22:35 artifacts/zimmerman/supradiegetic_benchmark_report.json
-rw-r--r--  1 gardenofcomputation  staff   9.9K Feb 19 22:34 artifacts/zimmerman/token_extispicy_report.json

Plots:
-rw-r--r--  1 gardenofcomputation  staff    37K Feb 19 22:35 output/zimmerman/contrastive_sensitivity.png
-rw-r--r--  1 gardenofcomputation  staff   132K Feb 19 22:35 output/zimmerman/dashboard_summary.png
-rw-r--r--  1 gardenofcomputation  staff    36K Feb 19 22:35 output/zimmerman/locality_curves.png
-rw-r--r--  1 gardenofcomputation  staff    45K Feb 19 22:35 output/zimmerman/posiwid_alignment.png
-rw-r--r--  1 gardenofcomputation  staff   639K Feb 19 22:35 output/zimmerman/relation_graph.png
-rw-r--r--  1 gardenofcomputation  staff    30K Feb 19 22:39 output/zimmerman/sobol_final_atp.png
-rw-r--r--  1 gardenofcomputation  staff    32K Feb 19 22:39 output/zimmerman/sobol_final_heteroplasmy.png

Log saved to: logs/overnight_2026-02-19_22-18-10.log
