Hyper-Sobol sensitivity analysis: 45 rule confidence parameters, N=64
Total simulations: 5888
Computing one-at-a-time sensitivity (45 rules)...
Running 5888 simulations...
  200/5888 (0s elapsed, ~12s remaining)
  400/5888 (1s elapsed, ~12s remaining)
  600/5888 (1s elapsed, ~11s remaining)
  800/5888 (2s elapsed, ~11s remaining)
  1000/5888 (2s elapsed, ~10s remaining)
  1200/5888 (3s elapsed, ~10s remaining)
  1400/5888 (3s elapsed, ~10s remaining)
  1600/5888 (3s elapsed, ~9s remaining)
  1800/5888 (4s elapsed, ~9s remaining)
  2000/5888 (4s elapsed, ~8s remaining)
  2200/5888 (5s elapsed, ~8s remaining)
  2400/5888 (5s elapsed, ~7s remaining)
  2600/5888 (6s elapsed, ~7s remaining)
  2800/5888 (6s elapsed, ~7s remaining)
  3000/5888 (6s elapsed, ~6s remaining)
  3200/5888 (7s elapsed, ~6s remaining)
  3400/5888 (7s elapsed, ~5s remaining)
  3600/5888 (8s elapsed, ~5s remaining)
  3800/5888 (8s elapsed, ~4s remaining)
  4000/5888 (8s elapsed, ~4s remaining)
  4200/5888 (9s elapsed, ~4s remaining)
  4400/5888 (9s elapsed, ~3s remaining)
  4600/5888 (10s elapsed, ~3s remaining)
  4800/5888 (10s elapsed, ~2s remaining)
  5000/5888 (11s elapsed, ~2s remaining)
  5200/5888 (11s elapsed, ~1s remaining)
  5400/5888 (11s elapsed, ~1s remaining)
  5600/5888 (12s elapsed, ~1s remaining)
  5800/5888 (12s elapsed, ~0s remaining)
Simulations complete: 12.4s (473 sims/sec)

Results saved to /Users/gardenofcomputation/how-to-live-much-longer/artifacts/hyper_sobol_corrected.json

======================================================================
HYPER-SOBOL SENSITIVITY ANALYSIS OF RULE CONFIDENCES
======================================================================

  final_bin_N_deletion:
  Rule                                            S1        ST  Interact
  ----------------------------------------  --------  --------  --------
  deletion_growth_suppression                 0.3405    0.8088    0.4682
  deletion_expansion_old                      0.1277    0.2980    0.1703
  deletion_acceleration_energy_crisis         0.1277    0.1703    0.0426
  age_transition_acceleration                 0.0000    0.1703    0.1703
  senescent_energy_drain                      0.0000    0.1277    0.1277
  ATP_maintenance                             0.0000    0.1277    0.1277
  vicious_cycle_lock                          0.0000    0.0851    0.0851
  ros_from_deletions                          0.0000    0.0426    0.0426
  ATP_resilience_severe                       0.0000    0.0426    0.0426
  NAD_stable                                  0.0000    0.0426    0.0426
  ROS_stabilization_elevated                  0.0000    0.0426    0.0426
  deletion_expansion_young                    0.0000    0.0000    0.0000
  cliff_atp_collapse                          0.0000    0.0000    0.0000
  cliff_approaching_warning                   0.0000    0.0000    0.0000
  ros_from_points                             0.0000    0.0000    0.0000

  final_heteroplasmy:
  Rule                                            S1        ST  Interact
  ----------------------------------------  --------  --------  --------
  deletion_growth_suppression                 0.2950    0.6673    0.3723
  deletion_expansion_old                      0.0467    0.1907    0.1440
  deletion_acceleration_energy_crisis         0.0579    0.1696    0.1117
  ros_drives_points                           0.0081    0.1560    0.1479
  age_transition_acceleration                 0.0000    0.1372    0.1372
  ATP_maintenance                             0.0000    0.0851    0.0851
  senescent_energy_drain                      0.0000    0.0713    0.0713
  N_point_suppression                         0.0000    0.0607    0.0607
  senescence_suppression                      0.0438    0.0438    0.0000
  vicious_cycle_lock                          0.0000    0.0381    0.0381
  N_point_stabilize_moderate                  0.0031    0.0287    0.0256
  ATP_resilience_severe                       0.0000    0.0196    0.0196
  ros_from_deletions                          0.0000    0.0185    0.0185
  NAD_stable                                  0.0000    0.0185    0.0185
  ROS_stabilization_elevated                  0.0000    0.0185    0.0185

  final_atp:
  Rule                                            S1        ST  Interact
  ----------------------------------------  --------  --------  --------
  ATP_maintenance                             0.2708    0.5417    0.2708
  senescent_energy_drain                      0.1042    0.4583    0.3542
  ATP_resilience_severe                       0.0000    0.2500    0.2500
  cliff_atp_collapse                          0.0000    0.1667    0.1667
  senescence_suppression                      0.0000    0.1667    0.1667
  deletion_growth_suppression                 0.0000    0.1250    0.1250
  age_transition_acceleration                 0.1042    0.1042    0.0000
  cliff_approaching_warning                   0.0000    0.0833    0.0833
  slow_senescence_accumulation                0.0000    0.0833    0.0833
  deletion_expansion_old                      0.0000    0.0417    0.0417
  ros_drives_senescence                       0.0000    0.0417    0.0417
  deletion_expansion_young                    0.0000    0.0000    0.0000
  deletion_acceleration_energy_crisis         0.0000    0.0000    0.0000
  ros_from_deletions                          0.0000    0.0000    0.0000
  ros_from_points                             0.0000    0.0000    0.0000

  final_bin_ATP:
  Rule                                            S1        ST  Interact
  ----------------------------------------  --------  --------  --------
  ATP_maintenance                             0.2500    0.5417    0.2917
  senescent_energy_drain                      0.0833    0.4583    0.3750
  ATP_resilience_severe                       0.0000    0.2500    0.2500
  cliff_atp_collapse                          0.0000    0.1667    0.1667
  senescence_suppression                      0.0000    0.1667    0.1667
  deletion_growth_suppression                 0.0000    0.1250    0.1250
  cliff_approaching_warning                   0.0000    0.0833    0.0833
  age_transition_acceleration                 0.0833    0.0833    0.0000
  slow_senescence_accumulation                0.0000    0.0833    0.0833
  deletion_expansion_old                      0.0000    0.0417    0.0417
  ros_drives_senescence                       0.0000    0.0417    0.0417
  deletion_expansion_young                    0.0000    0.0000    0.0000
  deletion_acceleration_energy_crisis         0.0000    0.0000    0.0000
  ros_from_deletions                          0.0000    0.0000    0.0000
  ros_from_points                             0.0000    0.0000    0.0000

  final_bin_Senescent_fraction:
  Rule                                            S1        ST  Interact
  ----------------------------------------  --------  --------  --------
  slow_senescence_accumulation                1.0000    1.0000    0.0000
  senescence_suppression                      0.3180    0.6360    0.3180
  age_transition_acceleration                 0.0000    0.3710    0.3710
  NAD_stable                                  0.0000    0.3710    0.3710
  ros_drives_points                           0.2120    0.2120    0.0000
  ros_drives_senescence                       0.2120    0.2120    0.0000
  ros_from_deletions                          0.0000    0.1060    0.1060
  ROS_stabilization_elevated                  0.0000    0.0530    0.0530
  deletion_expansion_young                    0.0000    0.0000    0.0000
  deletion_expansion_old                      0.0000    0.0000    0.0000
  cliff_atp_collapse                          0.0000    0.0000    0.0000
  cliff_approaching_warning                   0.0000    0.0000    0.0000
  deletion_acceleration_energy_crisis         0.0000    0.0000    0.0000
  ros_from_points                             0.0000    0.0000    0.0000
  ros_membrane_damage                         0.0000    0.0000    0.0000

======================================================================
MOTIF INTERACTION SUMMARY
======================================================================

Top motifs by interaction strength:
  2-var motif [NAD,N_deletion]: 0.1357
  3-var motif [NAD,N_deletion,Senescent_fraction]: 0.1357
  2-var motif [ATP,Senescent_fraction]: 0.1133
  2-var motif [NAD,Senescent_fraction]: 0.0887
  2-var motif [N_deletion,Senescent_fraction]: 0.0678
  2-var motif [N_deletion,N_healthy]: 0.0657
  3-var motif [ATP,N_deletion,N_healthy]: 0.0309
  3-var motif [ATP,Membrane_potential,ROS]: 0.0246
  3-var motif [Membrane_potential,N_deletion,ROS]: 0.0246
  4-var motif [ATP,Membrane_potential,N_deletion,ROS]: 0.0246
  2-var motif [N_deletion,ROS]: 0.0194
  2-var motif [ATP,N_deletion]: 0.0173
  2-var motif [ATP,N_healthy]: 0.0154
  2-var motif [N_point,ROS]: 0.0148
  2-var motif [ATP,Membrane_potential]: 0.0123

======================================================================
TOP INTERACTING RULES (highest ST - S1)
======================================================================

Rule (average interaction across outputs):
  deletion_growth_suppression               0.2181
  senescent_energy_drain                    0.1856
  ATP_maintenance                           0.1551
  age_transition_acceleration               0.1357
  senescence_suppression                    0.1303
  ATP_resilience_severe                     0.1124
  NAD_stable                                0.0864
  deletion_expansion_old                    0.0795
  cliff_atp_collapse                        0.0667
  ros_from_deletions                        0.0334
  cliff_approaching_warning                 0.0333
  slow_senescence_accumulation              0.0333
  deletion_acceleration_energy_crisis       0.0309
  ros_drives_points                         0.0296
  vicious_cycle_lock                        0.0246

======================================================================
LOCAL SENSITIVITY (rule confidence 0 → 1)
======================================================================

Rule (average absolute change across outputs):
  senescent_energy_drain                    0.7600
  age_transition_acceleration               0.7013
  deletion_expansion_old                    0.5013
  slow_senescence_accumulation              0.2000
  ros_drives_points                         0.0062
  N_point_suppression                       0.0044
  deletion_expansion_young                  0.0000
  cliff_atp_collapse                        0.0000
  cliff_approaching_warning                 0.0000
  deletion_acceleration_energy_crisis       0.0000
  ros_from_deletions                        0.0000
  ros_from_points                           0.0000
  ros_membrane_damage                       0.0000
  point_mutation_pol_gamma_errors           0.0000
  mitophagy_clears_deletions                0.0000
